Microchip MPLAB XC8 Compiler V2.36

Linker command line:

-W-3 --edf=C:\Program Files\Microchip\xc8\v2.36\pic\dat\en_msgs.txt -cn \
  -h+dist/default/production\microoven.X.production.sym \
  --cmf=dist/default/production\microoven.X.production.cmf -z -Q16F877A \
  -oC:\Users\koushik\AppData\Local\Temp\xcAsqcs.4 --defsym=__MPLAB_BUILD=1 \
  -Mdist/default/production/microoven.X.production.map \
  --md=C:\Users\koushik\AppData\Local\Temp\xcAsqcs.dat -E1 \
  -ver=XC8 Compiler --acfsm=1493 -ACODE=00h-07FFhx4 -ASTRCODE=00h-01FFFh \
  -ASTRING=00h-0FFhx32 -ACONST=00h-0FFhx32 -AENTRY=00h-0FFhx32 \
  -ACOMMON=070h-07Fh -ABANK0=020h-06Fh -ABANK1=0A0h-0EFh \
  -ABANK2=0110h-016Fh -ABANK3=0190h-01EFh \
  -ARAM=020h-06Fh,0A0h-0EFh,0110h-016Fh,0190h-01EFh \
  -AABS1=020h-07Fh,0A0h-0EFh,0110h-016Fh,0190h-01EFh -ASFR0=00h-01Fh \
  -ASFR1=080h-09Fh -ASFR2=0100h-010Fh -ASFR3=0180h-018Fh \
  -ACONFIG=02007h-02007h -DCONFIG=2 -AIDLOC=02000h-02003h -DIDLOC=2 \
  -AEEDATA=00h-0FFh/02100h -peeprom_data=EEDATA -DEEDATA=2 -DCODE=2 \
  -DSTRCODE=2 -DSTRING=2 -DCONST=2 -DENTRY=2 \
  -preset_vec=00h,intentry=04h,init,end_init -ppowerup=CODE -pcinit=CODE \
  -pfunctab=ENTRY -k C:\Users\koushik\AppData\Local\Temp\xcAsqcs.o \
  dist/default/production\microoven.X.production.o 

Object code version is 3.11

Machine type is 16F877A



                Name                               Link     Load   Length Selector   Space Scale
C:\Users\koushik\AppData\Local\Temp\xcAsqcs.o
                end_init                              C        C        3        8       0
                reset_vec                             0        0        3        0       0
                config                             2007     2007        1        0       4
dist/default/production\microoven.X.production.o
                cinit                                 F        F       1E        8       0
                intentry                              4        4        8        8       0
                config                             2007     2007        1        0       4
                text24                              E73      E73       3D     1CE6       0
                text23                              E01      E01       36     1C02       0
                text22                              DA2      DA2       2E     1B44       0
                text21                              DD0      DD0       31     1BA0       0
                text20                              D28      D28       15     1A50       0
                text19                              F8A      F8A       76     1F14       0
                text18                              EB0      EB0       69     1D60       0
                text17                              7A0      7A0       5B      DCA       0
                text16                              D16      D16       12     1A2C       0
                text15                              4A6      4A6       F9        8       0
                text14                              CF8      CF8        E     19F0       0
                text13                              F19      F19       71     1E32       0
                text12                              CED      CED        B     19DA       0
                text11                              D06      D06       10     1A0C       0
                text10                              CE4      CE4        9     19C8       0
                text9                               D3D      D3D       15     1A7A       0
                text8                               6E5      6E5       BB      DCA       0
                text7                               D52      D52       25     1AA4       0
                text6                               59F      59F       46        8       0
                text5                               E37      E37       3C     1C6E       0
                text4                               D77      D77       2B     1AEE       0
                text3                                2D       2D      1C8        8       0
                text2                               5E5      5E5       15        8       0
                text1                               1F5      1F5      174        8       0
                maintext                            369      369      13D        8       0
                cstackBANK0                          20       20       17       20       1
                cstackCOMMON                         70       70        8       70       1
                dataBANK0                            43       43        1       20       1
                bssBANK0                             37       37        C       20       1
                dataCOMMON                           7A       7A        1       70       1
                bssCOMMON                            78       78        2       70       1
                strings                             600      600       E5      C00       0
                idataBANK0                          7FC      7FC        1      DCA       0
                idataCOMMON                         7FB      7FB        1      DCA       0

TOTAL           Name                               Link     Load   Length     Space
        CLASS   CODE           
                end_init                              C        C        3         0
                cinit                                 F        F       1E         0
                intentry                              4        4        8         0
                reset_vec                             0        0        3         0
                text24                              E73      E73       3D         0
                text23                              E01      E01       36         0
                text22                              DA2      DA2       2E         0
                text21                              DD0      DD0       31         0
                text20                              D28      D28       15         0
                text19                              F8A      F8A       76         0
                text18                              EB0      EB0       69         0
                text17                              7A0      7A0       5B         0
                text16                              D16      D16       12         0
                text15                              4A6      4A6       F9         0
                text14                              CF8      CF8        E         0
                text13                              F19      F19       71         0
                text12                              CED      CED        B         0
                text11                              D06      D06       10         0
                text10                              CE4      CE4        9         0
                text9                               D3D      D3D       15         0
                text8                               6E5      6E5       BB         0
                text7                               D52      D52       25         0
                text6                               59F      59F       46         0
                text5                               E37      E37       3C         0
                text4                               D77      D77       2B         0
                text3                                2D       2D      1C8         0
                text2                               5E5      5E5       15         0
                text1                               1F5      1F5      174         0
                maintext                            369      369      13D         0
                idataBANK0                          7FC      7FC        1         0
                idataCOMMON                         7FB      7FB        1         0

        CLASS   STRCODE        

        CLASS   STRING         
                strings                             600      600       E5         0

        CLASS   CONST          

        CLASS   ENTRY          

        CLASS   COMMON         
                cstackCOMMON                         70       70        8         1
                dataCOMMON                           7A       7A        1         1
                bssCOMMON                            78       78        2         1

        CLASS   BANK0          
                cstackBANK0                          20       20       17         1
                dataBANK0                            43       43        1         1
                bssBANK0                             37       37        C         1

        CLASS   BANK1          

        CLASS   BANK2          

        CLASS   BANK3          

        CLASS   RAM            

        CLASS   ABS1           
                abs_s1                               7E       7E        2         1

        CLASS   SFR0           

        CLASS   SFR1           

        CLASS   SFR2           

        CLASS   SFR3           

        CLASS   CONFIG         
                config                             2007     2007        1         4

        CLASS   IDLOC          

        CLASS   EEDATA         

        CLASS   STACK          



SEGMENTS        Name                           Load    Length   Top    Selector   Space  Class     Delta

                reset_vec                      000000  000003  000003         0       0  CODE        2
                intentry                       000004  0005F6  0005FA         8       0  CODE        2
                cstackBANK0                    000020  000024  000044        20       1  BANK0       1
                cstackCOMMON                   000070  00000B  00007B        70       1  COMMON      1
                strings                        000600  0000E5  0006E5       C00       0  STRING      2
                text8                          0006E5  000118  0007FD       DCA       0  CODE        2
                text10                         000CE4  000009  000CED      19C8       0  CODE        2
                text12                         000CED  00000B  000CF8      19DA       0  CODE        2
                text14                         000CF8  00000E  000D06      19F0       0  CODE        2
                text11                         000D06  000010  000D16      1A0C       0  CODE        2
                text16                         000D16  000012  000D28      1A2C       0  CODE        2
                text20                         000D28  000015  000D3D      1A50       0  CODE        2
                text9                          000D3D  000015  000D52      1A7A       0  CODE        2
                text7                          000D52  000025  000D77      1AA4       0  CODE        2
                text4                          000D77  00002B  000DA2      1AEE       0  CODE        2
                text22                         000DA2  00002E  000DD0      1B44       0  CODE        2
                text21                         000DD0  000031  000E01      1BA0       0  CODE        2
                text23                         000E01  000036  000E37      1C02       0  CODE        2
                text5                          000E37  00003C  000E73      1C6E       0  CODE        2
                text24                         000E73  00003D  000EB0      1CE6       0  CODE        2
                text18                         000EB0  000069  000F19      1D60       0  CODE        2
                text13                         000F19  000071  000F8A      1E32       0  CODE        2
                text19                         000F8A  000076  001000      1F14       0  CODE        2


UNUSED ADDRESS RANGES

        Name                Unused          Largest block    Delta
        BANK0            0044-006F             2C           1
        BANK1            00A0-00EF             50           1
        BANK2            0110-016F             60           1
        BANK3            0190-01EF             60           1
        CODE             0003-0003              1           2
                         05FA-05FF              6
                         07FD-0CE3              3
                         1000-1FFF            800
        COMMON           007B-007D              3           1
        CONST            0003-0003              1           2
                         05FA-05FF              6
                         07FD-0CE3            100
                         1000-1FFF            100
        EEDATA           2100-21FF            100           2
        ENTRY            0003-0003              1           2
                         05FA-05FF              6
                         07FD-0CE3            100
                         1000-1FFF            100
        IDLOC            2000-2003              4           2
        RAM              0044-006F             2C           1
                         00A0-00EF             50
                         0110-016F             60
                         0190-01EF             60
        SFR0             0000-001F             20           1
        SFR1             0080-009F             20           1
        SFR2             0100-010F             10           1
        SFR3             0180-018F             10           1
        STRCODE          0003-0003              1           2
                         05FA-05FF              6
                         07FD-0CE3            4E7
                         1000-1FFF           1000
        STRING           0003-0003              1           2
                         05FA-05FF              6
                         07FD-0CE3            100
                         1000-1FFF            100

                                  Symbol Table

?___awdiv                        cstackCOMMON 0073
?___awmod                        cstackBANK0  0024
?___lwdiv                        cstackCOMMON 0073
?___lwmod                        cstackBANK0  0023
?___wmul                         cstackCOMMON 0073
_GIE                             (abs)        005F
_PEIE                            (abs)        005E
_PORTD                           (abs)        0008
_PR2                             (abs)        0092
_RB0                             (abs)        0030
_RB1                             (abs)        0031
_RB2                             (abs)        0032
_RC2                             (abs)        003A
_RD0                             (abs)        0040
_RD1                             (abs)        0041
_RD2                             (abs)        0042
_RD3                             (abs)        0043
_RE1                             (abs)        0049
_RE2                             (abs)        004A
_TMR2IE                          (abs)        0461
_TMR2IF                          (abs)        0061
_TMR2ON                          (abs)        0092
_TRISB                           (abs)        0086
_TRISC2                          (abs)        043A
_TRISD                           (abs)        0088
_TRISE1                          (abs)        0449
_TRISE2                          (abs)        044A
__Habs1                          abs1         0000
__Hbank0                         bank0        0000
__Hbank1                         bank1        0000
__Hbank2                         bank2        0000
__Hbank3                         bank3        0000
__HbssBANK0                      bssBANK0     0000
__HbssCOMMON                     bssCOMMON    0000
__Hcinit                         cinit        002D
__Hclrtext                       clrtext      0000
__Hcode                          code         0000
__Hcommon                        common       0000
__Hconfig                        config       2008
__HcstackBANK0                   cstackBANK0  0000
__HcstackCOMMON                  cstackCOMMON 0000
__HdataBANK0                     dataBANK0    0000
__HdataCOMMON                    dataCOMMON   0000
__Heeprom_data                   eeprom_data  0000
__Hend_init                      end_init     000F
__Hfunctab                       functab      0000
__HidataBANK0                    idataBANK0   0000
__HidataCOMMON                   idataCOMMON  0000
__Hinit                          init         000C
__Hintentry                      intentry     000C
__Hmaintext                      maintext     0000
__Hpowerup                       powerup      0000
__Hram                           ram          0000
__Hreset_vec                     reset_vec    0003
__Hsfr0                          sfr0         0000
__Hsfr1                          sfr1         0000
__Hsfr2                          sfr2         0000
__Hsfr3                          sfr3         0000
__Hspace_0                       (abs)        1000
__Hspace_1                       (abs)        007B
__Hspace_2                       (abs)        0000
__Hspace_3                       (abs)        0000
__Hspace_4                       (abs)        400F
__Hstack                         stack        0000
__Hstrings                       strings      0000
__Htext                          text         0000
__Labs1                          abs1         0000
__Lbank0                         bank0        0000
__Lbank1                         bank1        0000
__Lbank2                         bank2        0000
__Lbank3                         bank3        0000
__LbssBANK0                      bssBANK0     0000
__LbssCOMMON                     bssCOMMON    0000
__Lcinit                         cinit        000F
__Lclrtext                       clrtext      0000
__Lcode                          code         0000
__Lcommon                        common       0000
__Lconfig                        config       0000
__LcstackBANK0                   cstackBANK0  0000
__LcstackCOMMON                  cstackCOMMON 0000
__LdataBANK0                     dataBANK0    0000
__LdataCOMMON                    dataCOMMON   0000
__Leeprom_data                   eeprom_data  0000
__Lend_init                      end_init     000C
__Lfunctab                       functab      0000
__LidataBANK0                    idataBANK0   0000
__LidataCOMMON                   idataCOMMON  0000
__Linit                          init         000C
__Lintentry                      intentry     0004
__Lmaintext                      maintext     0000
__Lpowerup                       powerup      0000
__Lram                           ram          0000
__Lreset_vec                     reset_vec    0000
__Lsfr0                          sfr0         0000
__Lsfr1                          sfr1         0000
__Lsfr2                          sfr2         0000
__Lsfr3                          sfr3         0000
__Lspace_0                       (abs)        0000
__Lspace_1                       (abs)        0000
__Lspace_2                       (abs)        0000
__Lspace_3                       (abs)        0000
__Lspace_4                       (abs)        0000
__Lstack                         stack        0000
__Lstrings                       strings      0000
__Ltext                          text         0000
__S0                             (abs)        1000
__S1                             (abs)        007B
__S3                             (abs)        0000
___awdiv                         text18       0EB0
___awdiv@counter                 cstackBANK0  0020
___awdiv@dividend                cstackCOMMON 0075
___awdiv@divisor                 cstackCOMMON 0073
___awdiv@quotient                cstackBANK0  0022
___awdiv@sign                    cstackBANK0  0021
___awmod                         text17       07A0
___awmod@counter                 cstackBANK0  0029
___awmod@dividend                cstackBANK0  0026
___awmod@divisor                 cstackBANK0  0024
___awmod@sign                    cstackBANK0  002A
___bmul                          text2        05E5
___bmul@multiplicand             cstackCOMMON 0073
___bmul@multiplier               cstackCOMMON 0076
___bmul@product                  cstackCOMMON 0075
___int_sp                        stack        0000
___latbits                       (abs)        0002
___lwdiv                         text6        059F
___lwdiv@counter                 cstackBANK0  0020
___lwdiv@dividend                cstackCOMMON 0075
___lwdiv@divisor                 cstackCOMMON 0073
___lwdiv@quotient                cstackBANK0  0021
___lwmod                         text5        0E37
___lwmod@counter                 cstackBANK0  0028
___lwmod@dividend                cstackBANK0  0025
___lwmod@divisor                 cstackBANK0  0023
___sp                            stack        0000
___stackhi                       (abs)        0000
___stacklo                       (abs)        0000
___wmul                          text4        0D77
___wmul@multiplicand             cstackCOMMON 0075
___wmul@multiplier               cstackCOMMON 0073
___wmul@product                  cstackBANK0  0020
__end_of___awdiv                 text18       0F19
__end_of___awmod                 text17       07FB
__end_of___bmul                  text2        05FA
__end_of___lwdiv                 text6        05E5
__end_of___lwmod                 text5        0E73
__end_of___wmul                  text4        0DA2
__end_of__initialization         cinit        0029
__end_of__stringtab              strings      0606
__end_of_clcd_print              text22       0DD0
__end_of_clcd_putch              text20       0D3D
__end_of_clcd_write              text23       0E37
__end_of_clear_screen            text16       0D28
__end_of_display_modes           text21       0E01
__end_of_display_power_screen    text19       1000
__end_of_display_time            text15       059F
__end_of_heat_food               text14       0D06
__end_of_init_clcd               text12       0CF8
__end_of_init_config             text9        0D52
__end_of_init_display_controller text13       0F8A
__end_of_init_matrix_keypad      text11       0D16
__end_of_init_timer2             text10       0CED
__end_of_isr                     text24       0EB0
__end_of_main                    maintext     04A6
__end_of_read_matrix_keypad      text7        0D77
__end_of_scan_keypad             text8        07A0
__end_of_set_temp                text3        01F5
__end_of_set_time                text1        0369
__initialization                 cinit        000F
__pbssBANK0                      bssBANK0     0037
__pbssCOMMON                     bssCOMMON    0078
__pcstackBANK0                   cstackBANK0  0020
__pcstackCOMMON                  cstackCOMMON 0070
__pdataBANK0                     dataBANK0    0043
__pdataCOMMON                    dataCOMMON   007A
__pidataBANK0                    idataBANK0   07FC
__pidataCOMMON                   idataCOMMON  07FB
__pintentry                      intentry     0004
__pmaintext                      maintext     0369
__pstrings                       strings      0600
__ptext1                         text1        01F5
__ptext10                        text10       0CE4
__ptext11                        text11       0D06
__ptext12                        text12       0CED
__ptext13                        text13       0F19
__ptext14                        text14       0CF8
__ptext15                        text15       04A6
__ptext16                        text16       0D16
__ptext17                        text17       07A0
__ptext18                        text18       0EB0
__ptext19                        text19       0F8A
__ptext2                         text2        05E5
__ptext20                        text20       0D28
__ptext21                        text21       0DD0
__ptext22                        text22       0DA2
__ptext23                        text23       0E01
__ptext24                        text24       0E73
__ptext3                         text3        002D
__ptext4                         text4        0D77
__ptext5                         text5        0E37
__ptext6                         text6        059F
__ptext7                         text7        0D52
__ptext8                         text8        06E5
__ptext9                         text9        0D3D
__stringbase                     strings      0605
__stringtab                      strings      0600
_clcd_print                      text22       0DA2
_clcd_putch                      text20       0D28
_clcd_write                      text23       0E01
_clear_screen                    text16       0D16
_display_modes                   text21       0DD0
_display_power_screen            text19       0F8A
_display_time                    text15       04A6
_heat_food                       text14       0CF8
_init_clcd                       text12       0CED
_init_config                     text9        0D3D
_init_display_controller         text13       0F19
_init_matrix_keypad              text11       0D06
_init_timer2                     text10       0CE4
_isr                             text24       0E73
_main                            maintext     0369
_min                             bssBANK0     0041
_nRBPU                           (abs)        040F
_pre_heat                        bssBANK0     0040
_read_matrix_keypad              text7        0D52
_scan_keypad                     text8        06E5
_screen_flag                     dataBANK0    0043
_sec                             bssBANK0     0042
_set_temp                        text3        002D
_set_time                        text1        01F5
_temp                            bssBANK0     0037
btemp                            (abs)        007E
clcd_print@addr                  cstackCOMMON 0077
clcd_print@str                   cstackBANK0  0021
clcd_putch@addr                  cstackBANK0  002B
clcd_putch@data                  cstackBANK0  002C
clcd_write@byte                  cstackCOMMON 0076
clcd_write@mode                  cstackCOMMON 0073
display_power_screen@i           cstackBANK0  0030
display_power_screen@i_154       cstackBANK0  0031
end_of_initialization            cinit        0029
interrupt_function               intentry     0004
intlevel0                        functab      0000
intlevel1                        functab      0000
intlevel2                        functab      0000
intlevel3                        functab      0000
intlevel4                        functab      0000
intlevel5                        functab      0000
isr@count                        bssCOMMON    0078
main@key                         cstackBANK0  0036
main@reset_flag                  cstackBANK0  0035
read_matrix_keypad@key           cstackCOMMON 0077
read_matrix_keypad@mode          cstackCOMMON 0076
read_matrix_keypad@once          dataCOMMON   007A
reset_vec                        reset_vec    0000
saved_w                          (abs)        007E
scan_keypad@i                    cstackCOMMON 0073
set_temp@delay                   bssBANK0     003A
set_temp@display_blank           bssBANK0     0039
set_temp@key                     cstackBANK0  0031
set_temp@key_count               bssBANK0     003B
set_temp@reset_flag              cstackBANK0  002D
set_time@blink_pos               bssBANK0     003F
set_time@delay                   bssBANK0     003D
set_time@display_blank           bssBANK0     003C
set_time@key                     cstackBANK0  0031
set_time@key_count               bssBANK0     003E
set_time@reset_flag              cstackBANK0  002D
start                            init         000C
start_initialization             cinit        000F
wtemp0                           (abs)        007E


MODULE INFORMATION

Module		Function		Class		Link	Load	Size
timers.c
		_init_timer2   		CODE           	0CE4	0000	9

timers.c estimated size: 9

C:\Program Files\Microchip\xc8\v2.36\pic\sources\c90\common\lwmod.c
		___lwmod       		CODE           	0E37	0000	60

C:\Program Files\Microchip\xc8\v2.36\pic\sources\c90\common\lwmod.c estimated size: 60

C:\Program Files\Microchip\xc8\v2.36\pic\sources\c90\common\awmod.c
		___awmod       		CODE           	07A0	0000	91

C:\Program Files\Microchip\xc8\v2.36\pic\sources\c90\common\awmod.c estimated size: 91

matrix_keypad.c
		_init_matrix_keypad		CODE           	0D06	0000	16
		_read_matrix_keypad		CODE           	0D52	0000	37
		_scan_keypad   		CODE           	06E5	0000	187

matrix_keypad.c estimated size: 240

C:\Program Files\Microchip\xc8\v2.36\pic\sources\c90\common\Umul16.c
		___wmul        		CODE           	0D77	0000	43

C:\Program Files\Microchip\xc8\v2.36\pic\sources\c90\common\Umul16.c estimated size: 43

C:\Program Files\Microchip\xc8\v2.36\pic\sources\c90\common\lwdiv.c
		___lwdiv       		CODE           	059F	0000	70

C:\Program Files\Microchip\xc8\v2.36\pic\sources\c90\common\lwdiv.c estimated size: 70

C:\Program Files\Microchip\xc8\v2.36\pic\sources\c90\common\awdiv.c
		___awdiv       		CODE           	0EB0	0000	105

C:\Program Files\Microchip\xc8\v2.36\pic\sources\c90\common\awdiv.c estimated size: 105

C:\Program Files\Microchip\xc8\v2.36\pic\sources\c90\common\Umul8.c
		___bmul        		CODE           	05E5	0000	21

C:\Program Files\Microchip\xc8\v2.36\pic\sources\c90\common\Umul8.c estimated size: 21

isr.c
		_isr           		CODE           	0E73	0000	61

isr.c estimated size: 61

shared
		__stringtab    		STRING         	0600	0000	6
		__initialization		CODE           	000F	0000	26

shared estimated size: 32

clcd.c
		_clcd_write    		CODE           	0E01	0000	54
		_clear_screen  		CODE           	0D16	0000	18
		_clcd_print    		CODE           	0DA2	0000	46
		_clcd_putch    		CODE           	0D28	0000	21
		_init_display_controller		CODE           	0F19	0000	113
		_init_clcd     		CODE           	0CED	0000	11

clcd.c estimated size: 263

micro_oven.c
		_display_time  		CODE           	04A6	0000	249
		_heat_food     		CODE           	0CF8	0000	14
		_display_modes 		CODE           	0DD0	0000	49
		_set_temp      		CODE           	002D	0000	456
		_display_power_screen		CODE           	0F8A	0000	118
		_set_time      		CODE           	01F5	0000	372

micro_oven.c estimated size: 1258

main.c
		_main          		CODE           	0369	0000	317
		_init_config   		CODE           	0D3D	0000	21

main.c estimated size: 338

